[1.140s] Invoking command in '/home/shinobot/shinobot_3_ws/src/shinobot_3': PYTHONPATH=/home/shinobot/shinobot_3_ws/build/shinobot_3/prefix_override:/usr/lib/python3/dist-packages/colcon_core/task/python/colcon_distutils_commands:/home/shinobot/shinobot_3_ws/install/shinobot_3/lib/python3.12/site-packages:${PYTHONPATH} /usr/bin/python3 -W ignore:setup.py install is deprecated -W ignore:easy_install command is deprecated setup.py egg_info --egg-base ../../build/shinobot_3 build --build-base /home/shinobot/shinobot_3_ws/build/shinobot_3/build install --record /home/shinobot/shinobot_3_ws/build/shinobot_3/install.log --single-version-externally-managed install_data
[1.487s] running egg_info
[1.512s] writing ../../build/shinobot_3/shinobot_3.egg-info/PKG-INFO
[1.512s] writing dependency_links to ../../build/shinobot_3/shinobot_3.egg-info/dependency_links.txt
[1.516s] writing entry points to ../../build/shinobot_3/shinobot_3.egg-info/entry_points.txt
[1.516s] writing requirements to ../../build/shinobot_3/shinobot_3.egg-info/requires.txt
[1.517s] writing top-level names to ../../build/shinobot_3/shinobot_3.egg-info/top_level.txt
[1.569s] reading manifest file '../../build/shinobot_3/shinobot_3.egg-info/SOURCES.txt'
[1.570s] adding license file 'LICENSE'
[1.570s] writing manifest file '../../build/shinobot_3/shinobot_3.egg-info/SOURCES.txt'
[1.571s] running build
[1.571s] running build_py
[1.571s] running install
[1.580s] running install_lib
[1.606s] running install_data
[1.606s] running install_egg_info
[1.632s] removing '/home/shinobot/shinobot_3_ws/install/shinobot_3/lib/python3.12/site-packages/shinobot_3-0.0.0-py3.12.egg-info' (and everything under it)
[1.633s] Copying ../../build/shinobot_3/shinobot_3.egg-info to /home/shinobot/shinobot_3_ws/install/shinobot_3/lib/python3.12/site-packages/shinobot_3-0.0.0-py3.12.egg-info
[1.634s] running install_scripts
[1.808s] Installing driver_node script to /home/shinobot/shinobot_3_ws/install/shinobot_3/lib/shinobot_3
[1.809s] Installing simple_node script to /home/shinobot/shinobot_3_ws/install/shinobot_3/lib/shinobot_3
[1.812s] writing list of installed files to '/home/shinobot/shinobot_3_ws/build/shinobot_3/install.log'
[1.888s] Invoked command in '/home/shinobot/shinobot_3_ws/src/shinobot_3' returned '0': PYTHONPATH=/home/shinobot/shinobot_3_ws/build/shinobot_3/prefix_override:/usr/lib/python3/dist-packages/colcon_core/task/python/colcon_distutils_commands:/home/shinobot/shinobot_3_ws/install/shinobot_3/lib/python3.12/site-packages:${PYTHONPATH} /usr/bin/python3 -W ignore:setup.py install is deprecated -W ignore:easy_install command is deprecated setup.py egg_info --egg-base ../../build/shinobot_3 build --build-base /home/shinobot/shinobot_3_ws/build/shinobot_3/build install --record /home/shinobot/shinobot_3_ws/build/shinobot_3/install.log --single-version-externally-managed install_data
