[1.138s] Invoking command in '/home/shinobot/shinobot_3_ws/src/shinobot_3': PYTHONPATH=/home/shinobot/shinobot_3_ws/build/shinobot_3/prefix_override:/usr/lib/python3/dist-packages/colcon_core/task/python/colcon_distutils_commands:/home/shinobot/shinobot_3_ws/install/shinobot_3/lib/python3.12/site-packages:${PYTHONPATH} /usr/bin/python3 -W ignore:setup.py install is deprecated -W ignore:easy_install command is deprecated setup.py egg_info --egg-base ../../build/shinobot_3 build --build-base /home/shinobot/shinobot_3_ws/build/shinobot_3/build install --record /home/shinobot/shinobot_3_ws/build/shinobot_3/install.log --single-version-externally-managed install_data
[1.483s] running egg_info
[1.508s] writing ../../build/shinobot_3/shinobot_3.egg-info/PKG-INFO
[1.508s] writing dependency_links to ../../build/shinobot_3/shinobot_3.egg-info/dependency_links.txt
[1.512s] writing entry points to ../../build/shinobot_3/shinobot_3.egg-info/entry_points.txt
[1.512s] writing requirements to ../../build/shinobot_3/shinobot_3.egg-info/requires.txt
[1.513s] writing top-level names to ../../build/shinobot_3/shinobot_3.egg-info/top_level.txt
[1.565s] reading manifest file '../../build/shinobot_3/shinobot_3.egg-info/SOURCES.txt'
[1.566s] adding license file 'LICENSE'
[1.566s] writing manifest file '../../build/shinobot_3/shinobot_3.egg-info/SOURCES.txt'
[1.567s] running build
[1.567s] running build_py
[1.567s] running install
[1.576s] running install_lib
[1.601s] running install_data
[1.602s] running install_egg_info
[1.628s] removing '/home/shinobot/shinobot_3_ws/install/shinobot_3/lib/python3.12/site-packages/shinobot_3-0.0.0-py3.12.egg-info' (and everything under it)
[1.628s] Copying ../../build/shinobot_3/shinobot_3.egg-info to /home/shinobot/shinobot_3_ws/install/shinobot_3/lib/python3.12/site-packages/shinobot_3-0.0.0-py3.12.egg-info
[1.629s] running install_scripts
[1.803s] Installing simple_node script to /home/shinobot/shinobot_3_ws/install/shinobot_3/lib/shinobot_3
[1.803s] writing list of installed files to '/home/shinobot/shinobot_3_ws/build/shinobot_3/install.log'
[1.881s] Invoked command in '/home/shinobot/shinobot_3_ws/src/shinobot_3' returned '0': PYTHONPATH=/home/shinobot/shinobot_3_ws/build/shinobot_3/prefix_override:/usr/lib/python3/dist-packages/colcon_core/task/python/colcon_distutils_commands:/home/shinobot/shinobot_3_ws/install/shinobot_3/lib/python3.12/site-packages:${PYTHONPATH} /usr/bin/python3 -W ignore:setup.py install is deprecated -W ignore:easy_install command is deprecated setup.py egg_info --egg-base ../../build/shinobot_3 build --build-base /home/shinobot/shinobot_3_ws/build/shinobot_3/build install --record /home/shinobot/shinobot_3_ws/build/shinobot_3/install.log --single-version-externally-managed install_data
