running egg_info
creating ../../build/shinobot_3/shinobot_3.egg-info
writing ../../build/shinobot_3/shinobot_3.egg-info/PKG-INFO
writing dependency_links to ../../build/shinobot_3/shinobot_3.egg-info/dependency_links.txt
writing entry points to ../../build/shinobot_3/shinobot_3.egg-info/entry_points.txt
writing requirements to ../../build/shinobot_3/shinobot_3.egg-info/requires.txt
writing top-level names to ../../build/shinobot_3/shinobot_3.egg-info/top_level.txt
writing manifest file '../../build/shinobot_3/shinobot_3.egg-info/SOURCES.txt'
reading manifest file '../../build/shinobot_3/shinobot_3.egg-info/SOURCES.txt'
adding license file 'LICENSE'
writing manifest file '../../build/shinobot_3/shinobot_3.egg-info/SOURCES.txt'
running build
running build_py
creating /home/shinobot/shinobot_3_ws/build/shinobot_3/build
creating /home/shinobot/shinobot_3_ws/build/shinobot_3/build/lib
creating /home/shinobot/shinobot_3_ws/build/shinobot_3/build/lib/shinobot_3
copying shinobot_3/__init__.py -> /home/shinobot/shinobot_3_ws/build/shinobot_3/build/lib/shinobot_3
copying shinobot_3/simple_node.py -> /home/shinobot/shinobot_3_ws/build/shinobot_3/build/lib/shinobot_3
running install
running install_lib
creating /home/shinobot/shinobot_3_ws/install/shinobot_3/lib/python3.12/site-packages/shinobot_3
copying /home/shinobot/shinobot_3_ws/build/shinobot_3/build/lib/shinobot_3/__init__.py -> /home/shinobot/shinobot_3_ws/install/shinobot_3/lib/python3.12/site-packages/shinobot_3
copying /home/shinobot/shinobot_3_ws/build/shinobot_3/build/lib/shinobot_3/simple_node.py -> /home/shinobot/shinobot_3_ws/install/shinobot_3/lib/python3.12/site-packages/shinobot_3
byte-compiling /home/shinobot/shinobot_3_ws/install/shinobot_3/lib/python3.12/site-packages/shinobot_3/__init__.py to __init__.cpython-312.pyc
byte-compiling /home/shinobot/shinobot_3_ws/install/shinobot_3/lib/python3.12/site-packages/shinobot_3/simple_node.py to simple_node.cpython-312.pyc
running install_data
creating /home/shinobot/shinobot_3_ws/install/shinobot_3/share/ament_index
creating /home/shinobot/shinobot_3_ws/install/shinobot_3/share/ament_index/resource_index
creating /home/shinobot/shinobot_3_ws/install/shinobot_3/share/ament_index/resource_index/packages
copying resource/shinobot_3 -> /home/shinobot/shinobot_3_ws/install/shinobot_3/share/ament_index/resource_index/packages
copying package.xml -> /home/shinobot/shinobot_3_ws/install/shinobot_3/share/shinobot_3
running install_egg_info
Copying ../../build/shinobot_3/shinobot_3.egg-info to /home/shinobot/shinobot_3_ws/install/shinobot_3/lib/python3.12/site-packages/shinobot_3-0.0.0-py3.12.egg-info
running install_scripts
Installing simple_node script to /home/shinobot/shinobot_3_ws/install/shinobot_3/lib/shinobot_3
writing list of installed files to '/home/shinobot/shinobot_3_ws/build/shinobot_3/install.log'
